// 重构日志: 621fd3b2
// 同步 ID: a5308ebf @ Sun Jul 26 19:53:41 UTC 2026
// 重构日志: 65864f2f
// 同步 ID: ff30a618 @ Wed Jul 29 13:22:45 UTC 2026
// 重构日志: e3deb658
// 重构日志: d2874566
// 重构日志: bb4c5dff
// 重构日志: d22907b4
// 同步 ID: 016116fa @ Fri Jul 31 11:50:24 UTC 2026
// 重构日志: 8380573c
// 同步 ID: d829cd59 @ Sat Aug  1 11:02:08 UTC 2026
// 重构日志: ed25b26d
// 重构日志: cf1ce273
// 同步 ID: 1e8c85b7 @ Sat Aug  1 18:17:53 UTC 2026
// 重构日志: 91be963c
// 重构日志: 69fdc762
// 重构日志: 4b6312f6
// 重构日志: caf36f99
// 重构日志: d200da8b
// 重构日志: cf634758
// 重构日志: 63e6c1fb
// 同步 ID: a500ebc6 @ Thu Aug  6 05:15:50 UTC 2026
// 同步 ID: 49e61435 @ Fri Aug  7 08:41:30 UTC 2026
// 重构日志: fa3a9b62
// 重构日志: 88f77e41
// 同步 ID: 167d209d @ Fri Aug  7 22:38:58 UTC 2026
// 重构日志: 4f56c803
// 重构日志: db0119f6
// 同步 ID: 4fe9e061 @ Sat Aug  8 16:21:09 UTC 2026
// 同步 ID: 5243f00f @ Sat Aug  8 17:09:45 UTC 2026
